V3 7
FL "E:/Works/GitHub/Systolic-Processor-On-FPGA/ISE Design Files/DFF_PC/DFF_PC.vhd" 2016/02/21.16:43:40 P.20131013
EN work/DFF_PC 1456053424 \
      FL "E:/Works/GitHub/Systolic-Processor-On-FPGA/ISE Design Files/DFF_PC/DFF_PC.vhd" \
      PB ieee/std_logic_1164 1381692176
AR work/DFF_PC/DFF_PC_arch 1456053425 \
      FL "E:/Works/GitHub/Systolic-Processor-On-FPGA/ISE Design Files/DFF_PC/DFF_PC.vhd" \
      EN work/DFF_PC 1456053424
FL "E:/Works/GitHub/Systolic-Processor-On-FPGA/ISE Design Files/PIPO4/PIPO4.vhd" 2016/02/21.16:41:21 P.20131013
EN work/PIPO4 1456053426 \
      FL "E:/Works/GitHub/Systolic-Processor-On-FPGA/ISE Design Files/PIPO4/PIPO4.vhd" \
      PB ieee/std_logic_1164 1381692176
AR work/PIPO4/PIPO4_arch 1456053427 \
      FL "E:/Works/GitHub/Systolic-Processor-On-FPGA/ISE Design Files/PIPO4/PIPO4.vhd" \
      EN work/PIPO4 1456053426 CP DFF_PC
