AR ha ha_arch "D:/resources/Rohit/Systolic-Processor-On-FPGA/ISE Design Files/HA/HA.vhd" sub00/vhpl01 1480182092
AR dff_pc dff_pc_arch "D:/resources/Rohit/Systolic-Processor-On-FPGA/ISE Design Files/DFF_PC/DFF_PC.vhd" sub00/vhpl03 1480182094
AR mac4 mac4_arch "D:/resources/Rohit/Systolic-Processor-On-FPGA/ISE Design Files/MAC4/MAC4.vhd" sub00/vhpl13 1480182104
EN fa NULL "D:/resources/Rohit/Systolic-Processor-On-FPGA/ISE Design Files/FA/FA.vhd" sub00/vhpl04 1480182095
EN fa10 NULL "D:/resources/Rohit/Systolic-Processor-On-FPGA/ISE Design Files/FA10/FA10.vhd" sub00/vhpl14 1480182105
AR dpu_matrix_multiplication dpu_matrix_multiplication_arch "D:/resources/Rohit/Systolic-Processor-On-FPGA/ISE Design Files/DPU_matrix_multiplication/DPU_matrix_multiplication.vhd" sub00/vhpl19 1480182110
EN ha NULL "D:/resources/Rohit/Systolic-Processor-On-FPGA/ISE Design Files/HA/HA.vhd" sub00/vhpl00 1480182091
EN dff_pc NULL "D:/resources/Rohit/Systolic-Processor-On-FPGA/ISE Design Files/DFF_PC/DFF_PC.vhd" sub00/vhpl02 1480182093
EN fam NULL "D:/resources/Rohit/Systolic-Processor-On-FPGA/ISE Design Files/FAM/FAM.vhd" sub00/vhpl08 1480182099
AR pipo4 pipo4_arch "D:/resources/Rohit/Systolic-Processor-On-FPGA/ISE Design Files/PIPO4/PIPO4.vhd" sub00/vhpl11 1480182102
EN pipo4 NULL "D:/resources/Rohit/Systolic-Processor-On-FPGA/ISE Design Files/PIPO4/PIPO4.vhd" sub00/vhpl10 1480182101
AR fa10 fa10_arch "D:/resources/Rohit/Systolic-Processor-On-FPGA/ISE Design Files/FA10/FA10.vhd" sub00/vhpl15 1480182106
EN dpu_matrix_multiplication NULL "D:/resources/Rohit/Systolic-Processor-On-FPGA/ISE Design Files/DPU_matrix_multiplication/DPU_matrix_multiplication.vhd" sub00/vhpl18 1480182109
AR fa fa_arch "D:/resources/Rohit/Systolic-Processor-On-FPGA/ISE Design Files/FA/FA.vhd" sub00/vhpl05 1480182096
AR ham ha_arch "D:/resources/Rohit/Systolic-Processor-On-FPGA/ISE Design Files/HAM/HAM.vhd" sub00/vhpl07 1480182098
EN ham NULL "D:/resources/Rohit/Systolic-Processor-On-FPGA/ISE Design Files/HAM/HAM.vhd" sub00/vhpl06 1480182097
AR pipo10 pipo10_arch "D:/resources/Rohit/Systolic-Processor-On-FPGA/ISE Design Files/PIPO10/PIPO10.vhd" sub00/vhpl17 1480182108
AR dpu_array_matrix_multiplication_3 dpu_array_matrix_multiplication_3_arch "D:/resources/Rohit/Systolic-Processor-On-FPGA/ISE Design Files/DPU_array_matrix_multiplication_3/DPU_array_matrix_multiplication_3.vhd" sub00/vhpl21 1480182112
EN dpu_array_matrix_multiplication_3 NULL "D:/resources/Rohit/Systolic-Processor-On-FPGA/ISE Design Files/DPU_array_matrix_multiplication_3/DPU_array_matrix_multiplication_3.vhd" sub00/vhpl20 1480182111
AR fam fam_arch "D:/resources/Rohit/Systolic-Processor-On-FPGA/ISE Design Files/FAM/FAM.vhd" sub00/vhpl09 1480182100
EN pipo10 NULL "D:/resources/Rohit/Systolic-Processor-On-FPGA/ISE Design Files/PIPO10/PIPO10.vhd" sub00/vhpl16 1480182107
EN mac4 NULL "D:/resources/Rohit/Systolic-Processor-On-FPGA/ISE Design Files/MAC4/MAC4.vhd" sub00/vhpl12 1480182103
