V3 54
FL "D:/resources/Rohit/Systolic-Processor-On-FPGA/ISE Design Files/DFF_PC/DFF_PC.vhd" 2016/11/26.22:52:39 P.20131013
EN work/DFF_PC 1480182093 \
      FL "D:/resources/Rohit/Systolic-Processor-On-FPGA/ISE Design Files/DFF_PC/DFF_PC.vhd" \
      PB ieee/std_logic_1164 1381692176
AR work/DFF_PC/DFF_PC_arch 1480182094 \
      FL "D:/resources/Rohit/Systolic-Processor-On-FPGA/ISE Design Files/DFF_PC/DFF_PC.vhd" \
      EN work/DFF_PC 1480182093
FL "D:/resources/Rohit/Systolic-Processor-On-FPGA/ISE Design Files/DPU_array_matrix_multiplication_3/DPU_array_matrix_multiplication_3.vhd" 2016/11/26.22:52:40 P.20131013
EN work/DPU_array_matrix_multiplication_3 1480182111 \
      FL "D:/resources/Rohit/Systolic-Processor-On-FPGA/ISE Design Files/DPU_array_matrix_multiplication_3/DPU_array_matrix_multiplication_3.vhd" \
      PB ieee/std_logic_1164 1381692176
AR work/DPU_array_matrix_multiplication_3/DPU_array_matrix_multiplication_3_arch 1480182112 \
      FL "D:/resources/Rohit/Systolic-Processor-On-FPGA/ISE Design Files/DPU_array_matrix_multiplication_3/DPU_array_matrix_multiplication_3.vhd" \
      EN work/DPU_array_matrix_multiplication_3 1480182111 \
      CP DPU_matrix_multiplication
FL "D:/resources/Rohit/Systolic-Processor-On-FPGA/ISE Design Files/DPU_matrix_multiplication/DPU_matrix_multiplication.vhd" 2016/11/26.22:52:41 P.20131013
EN work/DPU_matrix_multiplication 1480182109 \
      FL "D:/resources/Rohit/Systolic-Processor-On-FPGA/ISE Design Files/DPU_matrix_multiplication/DPU_matrix_multiplication.vhd" \
      PB ieee/std_logic_1164 1381692176
AR work/DPU_matrix_multiplication/DPU_matrix_multiplication_arch 1480182110 \
      FL "D:/resources/Rohit/Systolic-Processor-On-FPGA/ISE Design Files/DPU_matrix_multiplication/DPU_matrix_multiplication.vhd" \
      EN work/DPU_matrix_multiplication 1480182109 CP PIPO4 CP MAC4 CP FA10 \
      CP PIPO10
FL "D:/resources/Rohit/Systolic-Processor-On-FPGA/ISE Design Files/FA/FA.vhd" 2016/11/26.22:52:42 P.20131013
EN work/FA 1480182095 \
      FL "D:/resources/Rohit/Systolic-Processor-On-FPGA/ISE Design Files/FA/FA.vhd" \
      PB ieee/std_logic_1164 1381692176
AR work/FA/FA_arch 1480182096 \
      FL "D:/resources/Rohit/Systolic-Processor-On-FPGA/ISE Design Files/FA/FA.vhd" \
      EN work/FA 1480182095 CP HA
FL "D:/resources/Rohit/Systolic-Processor-On-FPGA/ISE Design Files/FA10/FA10.vhd" 2016/11/26.22:52:42 P.20131013
EN work/FA10 1480182105 \
      FL "D:/resources/Rohit/Systolic-Processor-On-FPGA/ISE Design Files/FA10/FA10.vhd" \
      PB ieee/std_logic_1164 1381692176
AR work/FA10/FA10_arch 1480182106 \
      FL "D:/resources/Rohit/Systolic-Processor-On-FPGA/ISE Design Files/FA10/FA10.vhd" \
      EN work/FA10 1480182105 CP HA CP FA
FL "D:/resources/Rohit/Systolic-Processor-On-FPGA/ISE Design Files/FAM/FAM.vhd" 2016/11/26.22:52:43 P.20131013
EN work/FAM 1480182099 \
      FL "D:/resources/Rohit/Systolic-Processor-On-FPGA/ISE Design Files/FAM/FAM.vhd" \
      PB ieee/std_logic_1164 1381692176
AR work/FAM/FAM_arch 1480182100 \
      FL "D:/resources/Rohit/Systolic-Processor-On-FPGA/ISE Design Files/FAM/FAM.vhd" \
      EN work/FAM 1480182099 CP HA
FL "D:/resources/Rohit/Systolic-Processor-On-FPGA/ISE Design Files/HA/HA.vhd" 2016/11/26.22:52:44 P.20131013
EN work/HA 1480182091 \
      FL "D:/resources/Rohit/Systolic-Processor-On-FPGA/ISE Design Files/HA/HA.vhd" \
      PB ieee/std_logic_1164 1381692176
AR work/HA/HA_arch 1480182092 \
      FL "D:/resources/Rohit/Systolic-Processor-On-FPGA/ISE Design Files/HA/HA.vhd" \
      EN work/HA 1480182091
FL "D:/resources/Rohit/Systolic-Processor-On-FPGA/ISE Design Files/HAM/HAM.vhd" 2016/11/26.22:52:44 P.20131013
EN work/HAM 1480182097 \
      FL "D:/resources/Rohit/Systolic-Processor-On-FPGA/ISE Design Files/HAM/HAM.vhd" \
      PB ieee/std_logic_1164 1381692176
AR work/HAM/HA_arch 1480182098 \
      FL "D:/resources/Rohit/Systolic-Processor-On-FPGA/ISE Design Files/HAM/HAM.vhd" \
      EN work/HAM 1480182097 CP HA
FL "D:/resources/Rohit/Systolic-Processor-On-FPGA/ISE Design Files/MAC4/MAC4.vhd" 2016/11/26.22:52:45 P.20131013
EN work/MAC4 1480182103 \
      FL "D:/resources/Rohit/Systolic-Processor-On-FPGA/ISE Design Files/MAC4/MAC4.vhd" \
      PB ieee/std_logic_1164 1381692176
AR work/MAC4/MAC4_arch 1480182104 \
      FL "D:/resources/Rohit/Systolic-Processor-On-FPGA/ISE Design Files/MAC4/MAC4.vhd" \
      EN work/MAC4 1480182103 CP HAM CP FAM CP HA CP FA
FL "D:/resources/Rohit/Systolic-Processor-On-FPGA/ISE Design Files/PIPO10/PIPO10.vhd" 2016/11/26.22:52:46 P.20131013
EN work/PIPO10 1480182107 \
      FL "D:/resources/Rohit/Systolic-Processor-On-FPGA/ISE Design Files/PIPO10/PIPO10.vhd" \
      PB ieee/std_logic_1164 1381692176
AR work/PIPO10/PIPO10_arch 1480182108 \
      FL "D:/resources/Rohit/Systolic-Processor-On-FPGA/ISE Design Files/PIPO10/PIPO10.vhd" \
      EN work/PIPO10 1480182107 CP DFF_PC
FL "D:/resources/Rohit/Systolic-Processor-On-FPGA/ISE Design Files/PIPO4/PIPO4.vhd" 2016/11/26.22:52:46 P.20131013
EN work/PIPO4 1480182101 \
      FL "D:/resources/Rohit/Systolic-Processor-On-FPGA/ISE Design Files/PIPO4/PIPO4.vhd" \
      PB ieee/std_logic_1164 1381692176
AR work/PIPO4/PIPO4_arch 1480182102 \
      FL "D:/resources/Rohit/Systolic-Processor-On-FPGA/ISE Design Files/PIPO4/PIPO4.vhd" \
      EN work/PIPO4 1480182101 CP DFF_PC
FL "E:/Works/GitHub/Systolic-Processor-On-FPGA/ISE Design Files/DFF_PC/DFF_PC.vhd" 2016/02/21.18:04:30 P.20131013
FL "E:/Works/GitHub/Systolic-Processor-On-FPGA/ISE Design Files/DPU_array_matrix_multiplication_3/DPU_array_matrix_multiplication_3.vhd" 2016/02/23.16:10:32 P.20131013
FL "E:/Works/GitHub/Systolic-Processor-On-FPGA/ISE Design Files/DPU_matrix_multiplication/DPU_matrix_multiplication.vhd" 2016/02/23.00:37:46 P.20131013
FL "E:/Works/GitHub/Systolic-Processor-On-FPGA/ISE Design Files/FA/FA.vhd" 2016/02/21.18:04:30 P.20131013
FL "E:/Works/GitHub/Systolic-Processor-On-FPGA/ISE Design Files/FA10/FA10.vhd" 2016/02/21.18:04:31 P.20131013
FL "E:/Works/GitHub/Systolic-Processor-On-FPGA/ISE Design Files/FAM/FAM.vhd" 2016/02/21.18:04:31 P.20131013
FL "E:/Works/GitHub/Systolic-Processor-On-FPGA/ISE Design Files/HA/HA.vhd" 2016/02/21.18:04:32 P.20131013
FL "E:/Works/GitHub/Systolic-Processor-On-FPGA/ISE Design Files/HAM/HAM.vhd" 2016/02/21.18:04:32 P.20131013
FL "E:/Works/GitHub/Systolic-Processor-On-FPGA/ISE Design Files/MAC4/MAC4.vhd" 2016/02/21.18:04:33 P.20131013
FL "E:/Works/GitHub/Systolic-Processor-On-FPGA/ISE Design Files/PIPO10/PIPO10.vhd" 2016/02/21.18:04:33 P.20131013
FL "E:/Works/GitHub/Systolic-Processor-On-FPGA/ISE Design Files/PIPO4/PIPO4.vhd" 2016/02/21.18:04:34 P.20131013
