V3 7
FL "E:/Works/GitHub/Systolic-Processor-On-FPGA/ISE Design Files/FA/FA.vhd" 2016/02/10.12:18:15 P.20131013
EN work/FA 1455086917 \
      FL "E:/Works/GitHub/Systolic-Processor-On-FPGA/ISE Design Files/FA/FA.vhd" \
      PB ieee/std_logic_1164 1381692176
AR work/FA/FA_arch 1455086918 \
      FL "E:/Works/GitHub/Systolic-Processor-On-FPGA/ISE Design Files/FA/FA.vhd" \
      EN work/FA 1455086917 CP HA
FL "E:/Works/GitHub/Systolic-Processor-On-FPGA/ISE Design Files/HA/HA.vhd" 2016/02/10.12:16:22 P.20131013
EN work/HA 1455086915 \
      FL "E:/Works/GitHub/Systolic-Processor-On-FPGA/ISE Design Files/HA/HA.vhd" \
      PB ieee/std_logic_1164 1381692176
AR work/HA/HA_arch 1455086916 \
      FL "E:/Works/GitHub/Systolic-Processor-On-FPGA/ISE Design Files/HA/HA.vhd" \
      EN work/HA 1455086915
