AR ha ha_arch "E:/Works/GitHub/Systolic-Processor-On-FPGA/ISE Design Files/HA/HA.vhd" sub00/vhpl03 1456168087
AR dff_pc dff_pc_arch "E:/Works/GitHub/Systolic-Processor-On-FPGA/ISE Design Files/DFF_PC/DFF_PC.vhd" sub00/vhpl05 1456168089
AR mac4 mac4_arch "E:/Works/GitHub/Systolic-Processor-On-FPGA/ISE Design Files/MAC4/MAC4.vhd" sub00/vhpl15 1456168099
EN fa NULL "E:/Works/GitHub/Systolic-Processor-On-FPGA/ISE Design Files/FA/FA.vhd" sub00/vhpl06 1456168090
EN fa10 NULL "E:/Works/GitHub/Systolic-Processor-On-FPGA/ISE Design Files/FA10/FA10.vhd" sub00/vhpl16 1456168100
AR dpu_matrix_multiplication dpu_matrix_multiplication_arch "E:/Works/GitHub/Systolic-Processor-On-FPGA/ISE Design Files/DPU_matrix_multiplication/DPU_matrix_multiplication.vhd" sub00/vhpl01 1456168105
EN ha NULL "E:/Works/GitHub/Systolic-Processor-On-FPGA/ISE Design Files/HA/HA.vhd" sub00/vhpl02 1456168086
EN dff_pc NULL "E:/Works/GitHub/Systolic-Processor-On-FPGA/ISE Design Files/DFF_PC/DFF_PC.vhd" sub00/vhpl04 1456168088
EN fam NULL "E:/Works/GitHub/Systolic-Processor-On-FPGA/ISE Design Files/FAM/FAM.vhd" sub00/vhpl10 1456168094
AR pipo4 pipo4_arch "E:/Works/GitHub/Systolic-Processor-On-FPGA/ISE Design Files/PIPO4/PIPO4.vhd" sub00/vhpl13 1456168097
EN pipo4 NULL "E:/Works/GitHub/Systolic-Processor-On-FPGA/ISE Design Files/PIPO4/PIPO4.vhd" sub00/vhpl12 1456168096
AR fa10 fa10_arch "E:/Works/GitHub/Systolic-Processor-On-FPGA/ISE Design Files/FA10/FA10.vhd" sub00/vhpl17 1456168101
EN dpu_matrix_multiplication NULL "E:/Works/GitHub/Systolic-Processor-On-FPGA/ISE Design Files/DPU_matrix_multiplication/DPU_matrix_multiplication.vhd" sub00/vhpl00 1456168104
AR fa fa_arch "E:/Works/GitHub/Systolic-Processor-On-FPGA/ISE Design Files/FA/FA.vhd" sub00/vhpl07 1456168091
AR ham ha_arch "E:/Works/GitHub/Systolic-Processor-On-FPGA/ISE Design Files/HAM/HAM.vhd" sub00/vhpl09 1456168093
EN ham NULL "E:/Works/GitHub/Systolic-Processor-On-FPGA/ISE Design Files/HAM/HAM.vhd" sub00/vhpl08 1456168092
AR pipo10 pipo10_arch "E:/Works/GitHub/Systolic-Processor-On-FPGA/ISE Design Files/PIPO10/PIPO10.vhd" sub00/vhpl19 1456168103
AR fam fam_arch "E:/Works/GitHub/Systolic-Processor-On-FPGA/ISE Design Files/FAM/FAM.vhd" sub00/vhpl11 1456168095
EN pipo10 NULL "E:/Works/GitHub/Systolic-Processor-On-FPGA/ISE Design Files/PIPO10/PIPO10.vhd" sub00/vhpl18 1456168102
EN mac4 NULL "E:/Works/GitHub/Systolic-Processor-On-FPGA/ISE Design Files/MAC4/MAC4.vhd" sub00/vhpl14 1456168098
