V3 39
FL "E:/Works/GitHub/Systolic-Processor-On-FPGA/ISE Design Files/DFF_PC/DFF_PC.vhd" 2016/02/21.18:04:30 P.20131013
EN work/DFF_PC 1456168088 \
      FL "E:/Works/GitHub/Systolic-Processor-On-FPGA/ISE Design Files/DFF_PC/DFF_PC.vhd" \
      PB ieee/std_logic_1164 1381692176
AR work/DFF_PC/DFF_PC_arch 1456168089 \
      FL "E:/Works/GitHub/Systolic-Processor-On-FPGA/ISE Design Files/DFF_PC/DFF_PC.vhd" \
      EN work/DFF_PC 1456168088
FL "E:/Works/GitHub/Systolic-Processor-On-FPGA/ISE Design Files/DPU_matrix_multiplication/DPU_matrix_multiplication.vhd" 2016/02/23.00:37:46 P.20131013
EN work/DPU_matrix_multiplication 1456168104 \
      FL "E:/Works/GitHub/Systolic-Processor-On-FPGA/ISE Design Files/DPU_matrix_multiplication/DPU_matrix_multiplication.vhd" \
      PB ieee/std_logic_1164 1381692176
AR work/DPU_matrix_multiplication/DPU_matrix_multiplication_arch 1456168105 \
      FL "E:/Works/GitHub/Systolic-Processor-On-FPGA/ISE Design Files/DPU_matrix_multiplication/DPU_matrix_multiplication.vhd" \
      EN work/DPU_matrix_multiplication 1456168104 CP PIPO4 CP MAC4 CP FA10 \
      CP PIPO10
FL "E:/Works/GitHub/Systolic-Processor-On-FPGA/ISE Design Files/FA/FA.vhd" 2016/02/21.18:04:30 P.20131013
EN work/FA 1456168090 \
      FL "E:/Works/GitHub/Systolic-Processor-On-FPGA/ISE Design Files/FA/FA.vhd" \
      PB ieee/std_logic_1164 1381692176
AR work/FA/FA_arch 1456168091 \
      FL "E:/Works/GitHub/Systolic-Processor-On-FPGA/ISE Design Files/FA/FA.vhd" \
      EN work/FA 1456168090 CP HA
FL "E:/Works/GitHub/Systolic-Processor-On-FPGA/ISE Design Files/FA10/FA10.vhd" 2016/02/21.18:04:31 P.20131013
EN work/FA10 1456168100 \
      FL "E:/Works/GitHub/Systolic-Processor-On-FPGA/ISE Design Files/FA10/FA10.vhd" \
      PB ieee/std_logic_1164 1381692176
AR work/FA10/FA10_arch 1456168101 \
      FL "E:/Works/GitHub/Systolic-Processor-On-FPGA/ISE Design Files/FA10/FA10.vhd" \
      EN work/FA10 1456168100 CP HA CP FA
FL "E:/Works/GitHub/Systolic-Processor-On-FPGA/ISE Design Files/FAM/FAM.vhd" 2016/02/21.18:04:31 P.20131013
EN work/FAM 1456168094 \
      FL "E:/Works/GitHub/Systolic-Processor-On-FPGA/ISE Design Files/FAM/FAM.vhd" \
      PB ieee/std_logic_1164 1381692176
AR work/FAM/FAM_arch 1456168095 \
      FL "E:/Works/GitHub/Systolic-Processor-On-FPGA/ISE Design Files/FAM/FAM.vhd" \
      EN work/FAM 1456168094 CP HA
FL "E:/Works/GitHub/Systolic-Processor-On-FPGA/ISE Design Files/HA/HA.vhd" 2016/02/21.18:04:32 P.20131013
EN work/HA 1456168086 \
      FL "E:/Works/GitHub/Systolic-Processor-On-FPGA/ISE Design Files/HA/HA.vhd" \
      PB ieee/std_logic_1164 1381692176
AR work/HA/HA_arch 1456168087 \
      FL "E:/Works/GitHub/Systolic-Processor-On-FPGA/ISE Design Files/HA/HA.vhd" \
      EN work/HA 1456168086
FL "E:/Works/GitHub/Systolic-Processor-On-FPGA/ISE Design Files/HAM/HAM.vhd" 2016/02/21.18:04:32 P.20131013
EN work/HAM 1456168092 \
      FL "E:/Works/GitHub/Systolic-Processor-On-FPGA/ISE Design Files/HAM/HAM.vhd" \
      PB ieee/std_logic_1164 1381692176
AR work/HAM/HA_arch 1456168093 \
      FL "E:/Works/GitHub/Systolic-Processor-On-FPGA/ISE Design Files/HAM/HAM.vhd" \
      EN work/HAM 1456168092 CP HA
FL "E:/Works/GitHub/Systolic-Processor-On-FPGA/ISE Design Files/MAC4/MAC4.vhd" 2016/02/21.18:04:33 P.20131013
EN work/MAC4 1456168098 \
      FL "E:/Works/GitHub/Systolic-Processor-On-FPGA/ISE Design Files/MAC4/MAC4.vhd" \
      PB ieee/std_logic_1164 1381692176
AR work/MAC4/MAC4_arch 1456168099 \
      FL "E:/Works/GitHub/Systolic-Processor-On-FPGA/ISE Design Files/MAC4/MAC4.vhd" \
      EN work/MAC4 1456168098 CP HAM CP FAM CP HA CP FA
FL "E:/Works/GitHub/Systolic-Processor-On-FPGA/ISE Design Files/PIPO10/PIPO10.vhd" 2016/02/21.18:04:33 P.20131013
EN work/PIPO10 1456168102 \
      FL "E:/Works/GitHub/Systolic-Processor-On-FPGA/ISE Design Files/PIPO10/PIPO10.vhd" \
      PB ieee/std_logic_1164 1381692176
AR work/PIPO10/PIPO10_arch 1456168103 \
      FL "E:/Works/GitHub/Systolic-Processor-On-FPGA/ISE Design Files/PIPO10/PIPO10.vhd" \
      EN work/PIPO10 1456168102 CP DFF_PC
FL "E:/Works/GitHub/Systolic-Processor-On-FPGA/ISE Design Files/PIPO4/PIPO4.vhd" 2016/02/21.18:04:34 P.20131013
EN work/PIPO4 1456168096 \
      FL "E:/Works/GitHub/Systolic-Processor-On-FPGA/ISE Design Files/PIPO4/PIPO4.vhd" \
      PB ieee/std_logic_1164 1381692176
AR work/PIPO4/PIPO4_arch 1456168097 \
      FL "E:/Works/GitHub/Systolic-Processor-On-FPGA/ISE Design Files/PIPO4/PIPO4.vhd" \
      EN work/PIPO4 1456168096 CP DFF_PC
