AR ha ha_arch "E:/Works/GitHub/Systolic-Processor-On-FPGA/ISE Design Files/HA/HA.vhd" sub00/vhpl02 1455086787
EN ha NULL "E:/Works/GitHub/Systolic-Processor-On-FPGA/ISE Design Files/HA/HA.vhd" sub00/vhpl00 1455086786
AR ha behavioral "E:/Works/GitHub/Systolic-Processor-On-FPGA/ISE Design Files/HA/HA.vhd" sub00/vhpl01 1455010192
