Release 14.7 - xst P.20131013 (nt64)
Copyright (c) 1995-2013 Xilinx, Inc.  All rights reserved.
--> Parameter TMPDIR set to xst/projnav.tmp


Total REAL time to Xst completion: 0.00 secs
Total CPU time to Xst completion: 0.09 secs
 
--> Parameter xsthdpdir set to xst


Total REAL time to Xst completion: 0.00 secs
Total CPU time to Xst completion: 0.09 secs
 
--> Reading design: MAC8.prj

TABLE OF CONTENTS
  1) Synthesis Options Summary
  2) HDL Compilation
  3) Design Hierarchy Analysis
  4) HDL Analysis
  5) HDL Synthesis
     5.1) HDL Synthesis Report
  6) Advanced HDL Synthesis
     6.1) Advanced HDL Synthesis Report
  7) Low Level Synthesis
  8) Partition Report
  9) Final Report
	9.1) Device utilization summary
	9.2) Partition Resource Summary
	9.3) TIMING REPORT


=========================================================================
*                      Synthesis Options Summary                        *
=========================================================================
---- Source Parameters
Input File Name                    : "MAC8.prj"
Input Format                       : mixed
Ignore Synthesis Constraint File   : NO

---- Target Parameters
Output File Name                   : "MAC8"
Output Format                      : NGC
Target Device                      : xc3s400-4-tq144

---- Source Options
Top Module Name                    : MAC8
Automatic FSM Extraction           : YES
FSM Encoding Algorithm             : Auto
Safe Implementation                : No
FSM Style                          : LUT
RAM Extraction                     : Yes
RAM Style                          : Auto
ROM Extraction                     : Yes
Mux Style                          : Auto
Decoder Extraction                 : YES
Priority Encoder Extraction        : Yes
Shift Register Extraction          : YES
Logical Shifter Extraction         : YES
XOR Collapsing                     : YES
ROM Style                          : Auto
Mux Extraction                     : Yes
Resource Sharing                   : YES
Asynchronous To Synchronous        : NO
Multiplier Style                   : Auto
Automatic Register Balancing       : No

---- Target Options
Add IO Buffers                     : YES
Global Maximum Fanout              : 100000
Add Generic Clock Buffer(BUFG)     : 8
Register Duplication               : YES
Slice Packing                      : YES
Optimize Instantiated Primitives   : NO
Use Clock Enable                   : Yes
Use Synchronous Set                : Yes
Use Synchronous Reset              : Yes
Pack IO Registers into IOBs        : Auto
Equivalent register Removal        : YES

---- General Options
Optimization Goal                  : Speed
Optimization Effort                : 1
Keep Hierarchy                     : No
Netlist Hierarchy                  : As_Optimized
RTL Output                         : Yes
Global Optimization                : AllClockNets
Read Cores                         : YES
Write Timing Constraints           : NO
Cross Clock Analysis               : NO
Hierarchy Separator                : /
Bus Delimiter                      : <>
Case Specifier                     : Maintain
Slice Utilization Ratio            : 100
BRAM Utilization Ratio             : 100
Verilog 2001                       : YES
Auto BRAM Packing                  : NO
Slice Utilization Ratio Delta      : 5

=========================================================================


=========================================================================
*                          HDL Compilation                              *
=========================================================================
Compiling vhdl file "E:/Works/GitHub/Systolic-Processor-On-FPGA/ISE Design Files/HA/HA.vhd" in Library work.
Entity <ha> compiled.
Entity <ha> (Architecture <ha_arch>) compiled.
Compiling vhdl file "E:/Works/GitHub/Systolic-Processor-On-FPGA/ISE Design Files/HAM/HAM.vhd" in Library work.
Entity <ham> compiled.
Entity <ham> (Architecture <ha_arch>) compiled.
Compiling vhdl file "E:/Works/GitHub/Systolic-Processor-On-FPGA/ISE Design Files/FAM/FAM.vhd" in Library work.
Entity <fam> compiled.
Entity <fam> (Architecture <fam_arch>) compiled.
Compiling vhdl file "E:/Works/GitHub/Systolic-Processor-On-FPGA/ISE Design Files/FA/FA.vhd" in Library work.
Entity <fa> compiled.
Entity <fa> (Architecture <fa_arch>) compiled.
Compiling vhdl file "E:/Works/GitHub/Systolic-Processor-On-FPGA/ISE Design Files/MAC4/MAC4.vhd" in Library work.
Architecture mac8_arch of Entity mac8 is up to date.

=========================================================================
*                     Design Hierarchy Analysis                         *
=========================================================================
Analyzing hierarchy for entity <MAC8> in library <work> (architecture <mac8_arch>).

Analyzing hierarchy for entity <HAM> in library <work> (architecture <ha_arch>).

Analyzing hierarchy for entity <FAM> in library <work> (architecture <fam_arch>).

Analyzing hierarchy for entity <HA> in library <work> (architecture <ha_arch>).

Analyzing hierarchy for entity <FA> in library <work> (architecture <fa_arch>).

Analyzing hierarchy for entity <HA> in library <work> (architecture <ha_arch>).


=========================================================================
*                            HDL Analysis                               *
=========================================================================
Analyzing Entity <MAC8> in library <work> (Architecture <mac8_arch>).
WARNING:Xst:753 - "E:/Works/GitHub/Systolic-Processor-On-FPGA/ISE Design Files/MAC4/MAC4.vhd" line 50: Unconnected output port 'Cout' of component 'HA'.
Entity <MAC8> analyzed. Unit <MAC8> generated.

Analyzing Entity <HAM> in library <work> (Architecture <ha_arch>).
Entity <HAM> analyzed. Unit <HAM> generated.

Analyzing Entity <FAM> in library <work> (Architecture <fam_arch>).
Entity <FAM> analyzed. Unit <FAM> generated.

Analyzing Entity <HA> in library <work> (Architecture <ha_arch>).
Entity <HA> analyzed. Unit <HA> generated.

Analyzing Entity <FA> in library <work> (Architecture <fa_arch>).
Entity <FA> analyzed. Unit <FA> generated.


=========================================================================
*                           HDL Synthesis                               *
=========================================================================

Performing bidirectional port resolution...

Synthesizing Unit <HA>.
    Related source file is "E:/Works/GitHub/Systolic-Processor-On-FPGA/ISE Design Files/HA/HA.vhd".
    Found 1-bit xor2 for signal <Sout>.
Unit <HA> synthesized.


Synthesizing Unit <HAM>.
    Related source file is "E:/Works/GitHub/Systolic-Processor-On-FPGA/ISE Design Files/HAM/HAM.vhd".
Unit <HAM> synthesized.


Synthesizing Unit <FAM>.
    Related source file is "E:/Works/GitHub/Systolic-Processor-On-FPGA/ISE Design Files/FAM/FAM.vhd".
Unit <FAM> synthesized.


Synthesizing Unit <FA>.
    Related source file is "E:/Works/GitHub/Systolic-Processor-On-FPGA/ISE Design Files/FA/FA.vhd".
Unit <FA> synthesized.


Synthesizing Unit <MAC8>.
    Related source file is "E:/Works/GitHub/Systolic-Processor-On-FPGA/ISE Design Files/MAC4/MAC4.vhd".
WARNING:Xst:1780 - Signal <C4<3>> is never used or assigned. This unconnected signal will be trimmed during the optimization process.
Unit <MAC8> synthesized.


=========================================================================
HDL Synthesis Report

Macro Statistics
# Xors                                                 : 24
 1-bit xor2                                            : 24

=========================================================================

=========================================================================
*                       Advanced HDL Synthesis                          *
=========================================================================


=========================================================================
Advanced HDL Synthesis Report

Macro Statistics
# Xors                                                 : 24
 1-bit xor2                                            : 24

=========================================================================

=========================================================================
*                         Low Level Synthesis                           *
=========================================================================

Optimizing unit <MAC8> ...

Mapping all equations...
Building and optimizing final netlist ...
Found area constraint ratio of 100 (+ 5) on block MAC8, actual ratio is 0.

Final Macro Processing ...

=========================================================================
Final Register Report

Found no macro
=========================================================================

=========================================================================
*                           Partition Report                            *
=========================================================================

Partition Implementation Status
-------------------------------

  No Partitions were found in this design.

-------------------------------

=========================================================================
*                            Final Report                               *
=========================================================================
Final Results
RTL Top Level Output File Name     : MAC8.ngr
Top Level Output File Name         : MAC8
Output Format                      : NGC
Optimization Goal                  : Speed
Keep Hierarchy                     : No

Design Statistics
# IOs                              : 16

Cell Usage :
# BELS                             : 29
#      LUT2                        : 3
#      LUT3                        : 9
#      LUT4                        : 17
# IO Buffers                       : 16
#      IBUF                        : 8
#      OBUF                        : 8
=========================================================================

Device utilization summary:
---------------------------

Selected Device : 3s400tq144-4 

 Number of Slices:                       17  out of   3584     0%  
 Number of 4 input LUTs:                 29  out of   7168     0%  
 Number of IOs:                          16
 Number of bonded IOBs:                  16  out of     97    16%  

---------------------------
Partition Resource Summary:
---------------------------

  No Partitions were found in this design.

---------------------------


=========================================================================
TIMING REPORT

NOTE: THESE TIMING NUMBERS ARE ONLY A SYNTHESIS ESTIMATE.
      FOR ACCURATE TIMING INFORMATION PLEASE REFER TO THE TRACE REPORT
      GENERATED AFTER PLACE-and-ROUTE.

Clock Information:
------------------
No clock signals found in this design

Asynchronous Control Signals Information:
----------------------------------------
No asynchronous control signals found in this design

Timing Summary:
---------------
Speed Grade: -4

   Minimum period: No path found
   Minimum input arrival time before clock: No path found
   Maximum output required time after clock: No path found
   Maximum combinational path delay: 17.786ns

Timing Detail:
--------------
All values displayed in nanoseconds (ns)

=========================================================================
Timing constraint: Default path analysis
  Total number of paths / destination ports: 311 / 8
-------------------------------------------------------------------------
Delay:               17.786ns (Levels of Logic = 8)
  Source:            A<0> (PAD)
  Destination:       Z<6> (PAD)

  Data Path: A<0> to Z<6>
                                Gate     Net
    Cell:in->out      fanout   Delay   Delay  Logical Name (Net Name)
    ----------------------------------------  ------------
     IBUF:I->O             7   0.821   1.405  A_0_IBUF (A_0_IBUF)
     LUT3:I0->O            2   0.551   1.216  HAM10/H1/Cout1 (C1<0>)
     LUT4:I0->O            2   0.551   1.216  FAM20/Cout1 (C2<0>)
     LUT4:I0->O            2   0.551   1.216  FAM30/Cout1 (C3<0>)
     LUT4:I0->O            2   0.551   1.216  HA40/Cout1 (C4<0>)
     LUT3:I0->O            2   0.551   0.945  FA41/Cout1 (C4<1>)
     LUT4:I2->O            1   0.551   0.801  FA42/H2/Mxor_Sout_Result1 (Z_6_OBUF)
     OBUF:I->O                 5.644          Z_6_OBUF (Z<6>)
    ----------------------------------------
    Total                     17.786ns (9.771ns logic, 8.015ns route)
                                       (54.9% logic, 45.1% route)

=========================================================================


Total REAL time to Xst completion: 7.00 secs
Total CPU time to Xst completion: 6.59 secs
 
--> 

Total memory usage is 250616 kilobytes

Number of errors   :    0 (   0 filtered)
Number of warnings :    2 (   0 filtered)
Number of infos    :    0 (   0 filtered)

